// Jest Snapshot v1, https://goo.gl/fbAQLP

exports[`should render NotFound correctly 1`] = `
<div>
  <.sc-htpNat>
    <h1>
       What are you doing here? 
    </h1>
    <Link
      to="/"
    >
      Go Home
    </Link>
  </.sc-htpNat>
</div>
`;
